0000000000000000000000000000L00000000M0000000000000000000000000000000000
00000000000000000000000000   0      0                                   
 0                           0 33   0                                   
 0                           0 33   0                                   
 000000000000                0 33   0                                   
 0          0                0 33   0                                   
 0          0                0 33   0                                   
 0          0                0 33   0                                   
 0          0                0 33   0                                   
 0          0                0 333  0                                   
 0          0    33333       0 3333 0                                   
 0          0                0  333 0                                   
 0          0  3333 333      0   33 6                                   
 0          0  3      3      0   3337                                   
 0          0  3      3      000;3337                                   
 0          0  3      3                                                 
 0          0  3      3                     3                           
 0          0  3      3                     3                           
 0          0  3      3                     3                           
 0          0  33333333                     3                           
 0          0                KKKKKKKK                                   
 0          0                KK   3KK                                   
 0          0                K    33K                                   
 0          0                0   3337                                   
 0          0                0  333 8                                   
 0          0                0  33  0                                   
 0          0                0 333  0                                   
 0          0                0 333  0                                   
 0          000000000        0 33   0                                   
 0                  0        0 33   0                                   
 0           NNNNNN 0        0 33   0                                   
 0                  0        0 33   0                                   
 0                  0        0 33   0                                   
 0                  0        0 33   0                                   
 0                  0        0 33   0                                   
 0                  0        0 33    0                                  
 0                  0        0 33    0                                  
 0                  0        0 33    0                                  
 0                  0        0 33    0                                  
 0   ONNNNNNNNP     0        0 33    00                                 
 0   M        L     0        0 33     0                                 
 0   M        L     0        0 333    0                                 
 0   M        L     0        0 33333  0                                 
 0   M        L     0        0 333333 0                                 
 0   M        L     0        0  33333 00                                
 0            L     0         0   333  0                                
 0                             0   33  0                                
 0                              0  33  0                                
 0                              0  33  0                                
 0KKKKKKKKKKKKKKKKKK0           0  33  0                                
00KKKKKKKKKKKKKKKKKK00000000000L00;33370M0000000000000000000000000000000
