0000000000000000000000000000L0000000000000000000000000000000000000000000
00000000000000000000000000   0                                          
 0                             33                                       
 0                             33                                       
                               33                                       
                               33                                       
                               33                                       
                               33                                       
                               33                                       
                               333                                      
                 33333         3333                                     
                                333                                     
               3333 333          33                                     
               3      3          333                                    
               3      3          333                                    
               3      3           33                                    
               3      3      0000;337       3                           
               3      3                     3                           
               3      3                     3                           
               33333333      0000;337       3                           
                                  33                                    
                                  33                                    
                                  33                                    
                                 333                                    
                                333                                     
                                33                                      
                               333                                      
                               333                                      
                               33                                       
                               33                                       
                               33                                       
                               33                                       
                               33                                       
                               33                                       
                               33                                       
                               33                                       
                               33    KKKK                               
                               33    KK                                 
                               33                                       
                               33                                       
                               33                                       
                               333                                      
                               33333                                    
                               333333                                   
                                33333                                   
                                  333                                   
                                   33                                   
                                   33                                   
                                   33                                   
                                   33                                   
0000000000000000000000000000000000;3337000000000000000000000000000000000
